// Jest Snapshot v1, https://goo.gl/fbAQLP

exports[`Features Movies Component should render, without crashing 1`] = `
<body>
  <div>
    <div
      class="sc-gsTCUz cwlALo"
    >
      <div
        class="sc-dlfnbm iZuMOM"
      >
        <div
          class="sc-eCssSg fBivze"
          src="https://image.tmdb.org/t/p/w200/8UlWHLMpgZm9bx6QYh0NFoq67TZ.jpg"
        />
        <div
          class="sc-hKgILt kXcAyG"
        >
          7
           
          <span
            aria-label="laugh"
            role="img"
          >
            😃
          </span>
        </div>
        <div
          class="sc-jSgupP dSXnXm"
        >
          <h1>
            Wonder Woman 1984
          </h1>
          <p>
            Popularity: 
            2407.318
          </p>
        </div>
      </div>
      <div
        class="sc-dlfnbm iZuMOM"
      >
        <div
          class="sc-eCssSg bkjhIA"
          src="https://image.tmdb.org/t/p/w200/c7VlGCCgM9GZivKSzBgzuOVxQn7.jpg"
        />
        <div
          class="sc-hKgILt kXcAyG"
        >
          6.4
           
          <span
            aria-label="smile"
            role="img"
          >
            🙂
          </span>
        </div>
        <div
          class="sc-jSgupP dSXnXm"
        >
          <h1>
            The Little Things
          </h1>
          <p>
            Popularity: 
            2119.969
          </p>
        </div>
      </div>
      <div
        class="sc-dlfnbm iZuMOM"
      >
        <div
          class="sc-eCssSg efxtkk"
          src="https://image.tmdb.org/t/p/w200/13B6onhL6FzSN2KaNeQeMML05pS.jpg"
        />
        <div
          class="sc-hKgILt kXcAyG"
        >
          4.7
           
          <span
            aria-label="thinking"
            role="img"
          >
            🤔
          </span>
        </div>
        <div
          class="sc-jSgupP dSXnXm"
        >
          <h1>
            Breach
          </h1>
          <p>
            Popularity: 
            1267.391
          </p>
        </div>
      </div>
      <div
        class="sc-dlfnbm iZuMOM"
      >
        <div
          class="sc-eCssSg iVdMos"
          src="https://image.tmdb.org/t/p/w200/vYvppZMvXYheYTWVd8Rnn9nsmNp.jpg"
        />
        <div
          class="sc-hKgILt kXcAyG"
        >
          6.6
           
          <span
            aria-label="smile"
            role="img"
          >
            🙂
          </span>
        </div>
        <div
          class="sc-jSgupP dSXnXm"
        >
          <h1>
            Vanguard
          </h1>
          <p>
            Popularity: 
            1362.714
          </p>
        </div>
      </div>
      <div
        class="sc-dlfnbm iZuMOM"
      >
        <div
          class="sc-eCssSg bwwGZy"
          src="https://image.tmdb.org/t/p/w200/hm58Jw4Lw8OIeECIq5qyPYhAeRJ.jpg"
        />
        <div
          class="sc-hKgILt kXcAyG"
        >
          8.3
           
          <span
            aria-label="laugh"
            role="img"
          >
            😃
          </span>
        </div>
        <div
          class="sc-jSgupP dSXnXm"
        >
          <h1>
            Soul
          </h1>
          <p>
            Popularity: 
            1175.056
          </p>
        </div>
      </div>
      <div
        class="sc-dlfnbm iZuMOM"
      >
        <div
          class="sc-eCssSg gPKPMA"
          src="https://image.tmdb.org/t/p/w200/zeD4PabP6099gpE0STWJrJrCBCs.jpg"
        />
        <div
          class="sc-hKgILt kXcAyG"
        >
          6.6
           
          <span
            aria-label="smile"
            role="img"
          >
            🙂
          </span>
        </div>
        <div
          class="sc-jSgupP dSXnXm"
        >
          <h1>
            Honest Thief
          </h1>
          <p>
            Popularity: 
            719.222
          </p>
        </div>
      </div>
      <div
        class="sc-dlfnbm iZuMOM"
      >
        <div
          class="sc-eCssSg bXOMVY"
          src="https://image.tmdb.org/t/p/w200/2VrvxK4yxNCU6KVgo5TADJeBEQu.jpg"
        />
        <div
          class="sc-hKgILt kXcAyG"
        >
          6.1
           
          <span
            aria-label="smile"
            role="img"
          >
            🙂
          </span>
        </div>
        <div
          class="sc-jSgupP dSXnXm"
        >
          <h1>
            100% Wolf
          </h1>
          <p>
            Popularity: 
            737.271
          </p>
        </div>
      </div>
      <div
        class="sc-dlfnbm iZuMOM"
      >
        <div
          class="sc-eCssSg cRghZk"
          src="https://image.tmdb.org/t/p/w200/tK1zy5BsCt1J4OzoDicXmr0UTFH.jpg"
        />
        <div
          class="sc-hKgILt kXcAyG"
        >
          7.6
           
          <span
            aria-label="laugh"
            role="img"
          >
            😃
          </span>
        </div>
        <div
          class="sc-jSgupP dSXnXm"
        >
          <h1>
            The Croods: A New Age
          </h1>
          <p>
            Popularity: 
            641.172
          </p>
        </div>
      </div>
      <div
        class="sc-dlfnbm iZuMOM"
      >
        <div
          class="sc-eCssSg dYgGFU"
          src="https://image.tmdb.org/t/p/w200/3ynPnBXQVT2Y0s19fDIPlWKUlxH.jpg"
        />
        <div
          class="sc-hKgILt kXcAyG"
        >
          5.6
           
          <span
            aria-label="thinking"
            role="img"
          >
            🤔
          </span>
        </div>
        <div
          class="sc-jSgupP dSXnXm"
        >
          <h1>
            The Rental
          </h1>
          <p>
            Popularity: 
            510.22
          </p>
        </div>
      </div>
      <div
        class="sc-dlfnbm iZuMOM"
      >
        <div
          class="sc-eCssSg eQhRQd"
          src="https://image.tmdb.org/t/p/w200/eAUzmhP54bE1vPXaY7FbuZREJlR.jpg"
        />
        <div
          class="sc-hKgILt kXcAyG"
        >
          6.5
           
          <span
            aria-label="smile"
            role="img"
          >
            🙂
          </span>
        </div>
        <div
          class="sc-jSgupP dSXnXm"
        >
          <h1>
            Sputnik
          </h1>
          <p>
            Popularity: 
            458.087
          </p>
        </div>
      </div>
      <div
        class="sc-dlfnbm iZuMOM"
      >
        <div
          class="sc-eCssSg bwHLoo"
          src="https://image.tmdb.org/t/p/w200/h7dZpJDORYs5c56dydbrLFkEXpE.jpg"
        />
        <div
          class="sc-hKgILt kXcAyG"
        >
          7
           
          <span
            aria-label="laugh"
            role="img"
          >
            😃
          </span>
        </div>
        <div
          class="sc-jSgupP dSXnXm"
        >
          <h1>
            Host
          </h1>
          <p>
            Popularity: 
            541.71
          </p>
        </div>
      </div>
      <div
        class="sc-dlfnbm iZuMOM"
      >
        <div
          class="sc-eCssSg irXvBD"
          src="https://image.tmdb.org/t/p/w200/xZNw9xxtwbEf25NYoz52KdbXHPM.jpg"
        />
        <div
          class="sc-hKgILt kXcAyG"
        >
          6.4
           
          <span
            aria-label="smile"
            role="img"
          >
            🙂
          </span>
        </div>
        <div
          class="sc-jSgupP dSXnXm"
        >
          <h1>
            The New Mutants
          </h1>
          <p>
            Popularity: 
            343.235
          </p>
        </div>
      </div>
      <div
        class="sc-dlfnbm iZuMOM"
      >
        <div
          class="sc-eCssSg clJjpK"
          src="https://image.tmdb.org/t/p/w200/b1C0FuXp4wiPmHLVKq4kwtDMgK6.jpg"
        />
        <div
          class="sc-hKgILt kXcAyG"
        >
          6.8
           
          <span
            aria-label="smile"
            role="img"
          >
            🙂
          </span>
        </div>
        <div
          class="sc-jSgupP dSXnXm"
        >
          <h1>
            Roald Dahl's The Witches
          </h1>
          <p>
            Popularity: 
            271.001
          </p>
        </div>
      </div>
      <div
        class="sc-dlfnbm iZuMOM"
      >
        <div
          class="sc-eCssSg kJMzlH"
          src="https://image.tmdb.org/t/p/w200/dFDNb9Gk1kyLRcconpj7Mc7C7IL.jpg"
        />
        <div
          class="sc-hKgILt kXcAyG"
        >
          7
           
          <span
            aria-label="laugh"
            role="img"
          >
            😃
          </span>
        </div>
        <div
          class="sc-jSgupP dSXnXm"
        >
          <h1>
            The Dig
          </h1>
          <p>
            Popularity: 
            222.015
          </p>
        </div>
      </div>
      <div
        class="sc-dlfnbm iZuMOM"
      >
        <div
          class="sc-eCssSg jAoOII"
          src="https://image.tmdb.org/t/p/w200/gzFatNrw0lhKD5NxaU6zC7S2KjP.jpg"
        />
        <div
          class="sc-hKgILt kXcAyG"
        >
          5.7
           
          <span
            aria-label="thinking"
            role="img"
          >
            🤔
          </span>
        </div>
        <div
          class="sc-jSgupP dSXnXm"
        >
          <h1>
            The Owners
          </h1>
          <p>
            Popularity: 
            219.665
          </p>
        </div>
      </div>
      <div
        class="sc-dlfnbm iZuMOM"
      >
        <div
          class="sc-eCssSg lgpBZO"
          src="https://image.tmdb.org/t/p/w200/8F9xUvb1JMWUMkFV2Yq3aiueAbq.jpg"
        />
        <div
          class="sc-hKgILt kXcAyG"
        >
          5.1
           
          <span
            aria-label="thinking"
            role="img"
          >
            🤔
          </span>
        </div>
        <div
          class="sc-jSgupP dSXnXm"
        >
          <h1>
            Death of Me
          </h1>
          <p>
            Popularity: 
            203.367
          </p>
        </div>
      </div>
      <div
        class="sc-dlfnbm iZuMOM"
      >
        <div
          class="sc-eCssSg ckcFMp"
          src="https://image.tmdb.org/t/p/w200/xLbuMxKORru3oTlItLBWpI5WJxR.jpg"
        />
        <div
          class="sc-hKgILt kXcAyG"
        >
          5.4
           
          <span
            aria-label="thinking"
            role="img"
          >
            🤔
          </span>
        </div>
        <div
          class="sc-jSgupP dSXnXm"
        >
          <h1>
            Butchers
          </h1>
          <p>
            Popularity: 
            180.143
          </p>
        </div>
      </div>
      <div
        class="sc-dlfnbm iZuMOM"
      >
        <div
          class="sc-eCssSg dGEPIB"
          src="https://image.tmdb.org/t/p/w200/yF45egpHwaYLn4jTyZAgk0Cmug9.jpg"
        />
        <div
          class="sc-hKgILt kXcAyG"
        >
          8
           
          <span
            aria-label="laugh"
            role="img"
          >
            😃
          </span>
        </div>
        <div
          class="sc-jSgupP dSXnXm"
        >
          <h1>
            Demon Slayer: Infinity Train
          </h1>
          <p>
            Popularity: 
            206.817
          </p>
        </div>
      </div>
      <div
        class="sc-dlfnbm iZuMOM"
      >
        <div
          class="sc-eCssSg fjoKNg"
          src="https://image.tmdb.org/t/p/w200/v6NodCMzqilx0Xw541P65WFnDfE.jpg"
        />
        <div
          class="sc-hKgILt kXcAyG"
        >
          6.6
           
          <span
            aria-label="smile"
            role="img"
          >
            🙂
          </span>
        </div>
        <div
          class="sc-jSgupP dSXnXm"
        >
          <h1>
            New Order
          </h1>
          <p>
            Popularity: 
            135.304
          </p>
        </div>
      </div>
      <div
        class="sc-dlfnbm iZuMOM"
      >
        <div
          class="sc-eCssSg eHVPAf"
          src="https://image.tmdb.org/t/p/w200/lhMIra0pqWNuD6CIXoTmGwZ0EBS.jpg"
        />
        <div
          class="sc-hKgILt kXcAyG"
        >
          6
           
          <span
            aria-label="smile"
            role="img"
          >
            🙂
          </span>
        </div>
        <div
          class="sc-jSgupP dSXnXm"
        >
          <h1>
            The Craft: Legacy
          </h1>
          <p>
            Popularity: 
            122.882
          </p>
        </div>
      </div>
    </div>
  </div>
</body>
`;
