// Jest Snapshot v1, https://goo.gl/fbAQLP

exports[`Components App should render without crashing 1`] = `
<body>
  <div>
    <main>
      <div
        class="sc-gKsewC gKvOrH"
      >
        <div
          class="sc-iBPRYJ jIzYza"
        />
        <div
          class="sc-fubCfw cKFTRY"
        >
          <h3>
            Vote average: 
          </h3>
          <input
            type="number"
            value="0"
          />
        </div>
      </div>
      <div
        class="sc-bdfBwQ jIuZxk"
      />
    </main>
  </div>
</body>
`;
